(A) width=3.0
(B) width=3.0
(C) width=5.8
(D) width=2.0
(E) width=8.8
(F) width=11.799999999999999
(G) width=2.0
(H) width=8.8
(I) width=8.2
(J) width=2.0
(K) width=8.8
(L) width=5.8
(M) width=2.0
(N) width=8.8
(O) width=5.8
(P) width=3.0
(1) height=13.0
(2) height=13.0
(3) height=13.0
(4) height=13.0
(5) height=6.0
(6) height=13.0
(7) height=13.0
(8) height=6.0
(9) height=13.0
(10) height=13.0
(11) height=6.0
(12) height=13.0
(13) height=13.0
(14) height=6.0
(15) height=13.0
(16) height=13.0
(17) height=6.0
(18) height=13.0
(19) height=13.0
(20) height=6.0
(21) height=13.0
(22) height=13.0
(23) height=6.0
(A1) fill=[solid 00CCCCCC]
(B1) fill=[solid 00333333]
(C1) fill=[solid 00333333]
(D1) fill=[solid 00CCCCCC]
(E1) fill=[solid 00CCCCCC]
(F1) fill=[solid 00CCCCCC]
(G1) fill=[solid 00333333]
(H1) fill=[solid 00333333]
(I1) fill=[solid 00333333]
(J1) fill=[solid 00CCCCCC]
(K1) fill=[solid 00CCCCCC]
(L1) fill=[solid 00CCCCCC]
(M1) fill=[solid 00333333]
(N1) fill=[solid 00333333]
(O1) fill=[solid 00333333]
(P1) fill=[solid 00333333]
(A2) fill=[solid 00CCCCCC]
(B2) fill=[solid 00FFFFFF]
(C2) fill=[solid 00FFFFFF]
(D2) fill=[solid 00FFFFFF]
(E2) fill=[solid 00FFFFFF]
(F2) fill=[solid 00FFFFFF]
(G2) fill=[solid 00FFFFFF]
(H2) fill=[solid 00FFFFFF]
(I2) fill=[solid 00FFFFFF]
(J2) fill=[solid 00FFFFFF]
(K2) fill=[solid 00FFFFFF]
(L2) fill=[solid 00FFFFFF]
(M2) fill=[solid 00FFFFFF]
(N2) fill=[solid 00FFFFFF]
(O2) fill=[solid 00FFFFFF]
(P2) fill=[solid 00FFFFFF]
(A3) fill=[solid 00CCCCCC]
(B3) fill=[solid 00FFFFFF]
(C3) fill=[solid 00FFFFCC] left=[thick 00000000] right=[thick 00000000] top=[thick 00000000]
(D3) fill=[solid 00FFFFFF] bottom=[thick 00000000]
(E3) fill=[solid 00FFFFFF] bottom=[thick 00000000]
(F3) fill=[solid 00FFFFCC] left=[thick 00000000] right=[thick 00000000] top=[thick 00000000]
(G3) fill=[solid 00FFFFFF]
(H3) fill=[solid 00FFFFFF]
(I3) fill=[solid 00FFFFFF]
(J3) fill=[solid 00FFFFFF]
(K3) fill=[solid 00FFFFFF]
(L3) fill=[solid 00FFFFFF]
(M3) fill=[solid 00FFFFFF]
(N3) fill=[solid 00FFFFFF]
(O3) fill=[solid 00FFFFFF]
(P3) fill=[solid 00FFFFFF]
(A4) fill=[solid 00CCCCCC]
(B4) fill=[solid 00FFFFFF]
(C4) fill=[solid 00FFFFCC] left=[thick 00000000] right=[thick 00000000] bottom=[thick 00000000]
(D4) fill=[solid 00FFFFFF]
(E4) fill=[solid 00FFFFFF] left=[thick 00000000]
(F4) fill=[solid 00FFFFCC] left=[thick 00000000] right=[thick 00000000] bottom=[thick 00000000]
(G4) fill=[solid 00FFFFFF]
(H4) fill=[solid 00FFFFFF]
(I4) fill=[solid 00FFFFFF]
(J4) fill=[solid 00FFFFFF]
(K4) fill=[solid 00FFFFFF]
(L4) fill=[solid 00FFFFFF]
(M4) fill=[solid 00FFFFFF]
(N4) fill=[solid 00FFFFFF]
(O4) fill=[solid 00FFFFFF]
(P4) fill=[solid 00FFFFFF]
(A5) fill=[solid 00CCCCCC]
(B5) fill=[solid 00FFFFFF]
(C5) fill=[solid 00FFFFFF]
(D5) fill=[solid 00FFFFFF]
(E5) fill=[solid 00FFFFFF] left=[thick 00000000]
(F5) fill=[solid 00FFFFFF]
(G5) fill=[solid 00FFFFFF]
(H5) fill=[solid 00FFFFFF]
(I5) fill=[solid 00FFFFFF]
(J5) fill=[solid 00FFFFFF]
(K5) fill=[solid 00FFFFFF]
(L5) fill=[solid 00FFFFFF]
(M5) fill=[solid 00FFFFFF]
(N5) fill=[solid 00FFFFFF]
(O5) fill=[solid 00FFFFFF]
(P5) fill=[solid 00FFFFFF]
(A6) fill=[solid 00CCCCCC]
(B6) fill=[solid 00FFFFFF]
(C6) fill=[solid 00FFFFFF]
(D6) fill=[solid 00FFFFFF]
(E6) fill=[solid 00FFFFFF] left=[thick 00000000] bottom=[thick 00000000]
(F6) fill=[solid 00FFFFCC] left=[thick 00000000] right=[thick 00000000] top=[thick 00000000]
(G6) fill=[solid 00FFFFFF] bottom=[thick 00000000]
(H6) fill=[solid 00FFFFFF] bottom=[thick 00000000]
(I6) fill=[solid 00FFFFCC] left=[thick 00000000] right=[thick 00000000] top=[thick 00000000]
(J6) fill=[solid 00FFFFFF] bottom=[thick 00000000]
(K6) fill=[solid 00FFFFFF] bottom=[thick 00000000]
(L6) fill=[solid 00FFFFCC] left=[thick 00000000] right=[thick 00000000] top=[thick 00000000]
(M6) fill=[solid 00FFFFFF]
(N6) fill=[solid 00FFFFFF]
(O6) fill=[solid 00FFFFFF]
(P6) fill=[solid 00FFFFFF]
(A7) fill=[solid 00CCCCCC]
(B7) fill=[solid 00FFFFFF]
(C7) fill=[solid 00FFFFFF]
(D7) fill=[solid 00FFFFFF]
(E7) fill=[solid 00FFFFFF] left=[thick 00000000]
(F7) fill=[solid 00FFFFCC] left=[thick 00000000] right=[thick 00000000] bottom=[thick 00000000]
(G7) fill=[solid 00FFFFFF]
(H7) fill=[solid 00FFFFFF]
(I7) fill=[solid 00FFFFCC] left=[thick 00000000] right=[thick 00000000] bottom=[thick 00000000]
(J7) fill=[solid 00FFFFFF]
(K7) fill=[solid 00FFFFFF] left=[thick 00000000]
(L7) fill=[solid 00FFFFCC] left=[thick 00000000] right=[thick 00000000] bottom=[thick 00000000]
(M7) fill=[solid 00FFFFFF]
(N7) fill=[solid 00FFFFFF]
(O7) fill=[solid 00FFFFFF]
(P7) fill=[solid 00FFFFFF]
(A8) fill=[solid 00CCCCCC]
(B8) fill=[solid 00FFFFFF]
(C8) fill=[solid 00FFFFFF]
(D8) fill=[solid 00FFFFFF]
(E8) fill=[solid 00FFFFFF] left=[thick 00000000]
(F8) fill=[solid 00FFFFFF]
(G8) fill=[solid 00FFFFFF]
(H8) fill=[solid 00FFFFFF]
(I8) fill=[solid 00FFFFFF]
(J8) fill=[solid 00FFFFFF]
(K8) fill=[solid 00FFFFFF] left=[thick 00000000]
(L8) fill=[solid 00FFFFFF]
(M8) fill=[solid 00FFFFFF]
(N8) fill=[solid 00FFFFFF]
(O8) fill=[solid 00FFFFFF]
(P8) fill=[solid 00FFFFFF]
(A9) fill=[solid 00CCCCCC]
(B9) fill=[solid 00FFFFFF]
(C9) fill=[solid 00FFFFFF]
(D9) fill=[solid 00FFFFFF]
(E9) fill=[solid 00FFFFFF] left=[thick 00000000]
(F9) fill=[solid 00FFFFFF]
(G9) fill=[solid 00FFFFFF]
(H9) fill=[solid 00FFFFFF]
(I9) fill=[solid 00FFFFFF]
(J9) fill=[solid 00FFFFFF]
(K9) fill=[solid 00FFFFFF] left=[thick 00000000] bottom=[thick 00000000]
(L9) fill=[solid 00FFFFCC] left=[thick 00000000] right=[thick 00000000] top=[thick 00000000]
(M9) fill=[solid 00FFFFFF] bottom=[thick 00000000]
(N9) fill=[solid 00FFFFFF] bottom=[thick 00000000]
(O9) fill=[solid 00FFFFCC] left=[thick 00000000] right=[thick 00000000] top=[thick 00000000]
(P9) fill=[solid 00FFFFFF]
(A10) fill=[solid 00CCCCCC]
(B10) fill=[solid 00FFFFFF]
(C10) fill=[solid 00FFFFFF]
(D10) fill=[solid 00FFFFFF]
(E10) fill=[solid 00FFFFFF] left=[thick 00000000]
(F10) fill=[solid 00FFFFFF]
(G10) fill=[solid 00FFFFFF]
(H10) fill=[solid 00FFFFFF]
(I10) fill=[solid 00FFFFFF]
(J10) fill=[solid 00FFFFFF]
(K10) fill=[solid 00FFFFFF]
(L10) fill=[solid 00FFFFCC] left=[thick 00000000] right=[thick 00000000] bottom=[thick 00000000]
(M10) fill=[solid 00FFFFFF]
(N10) fill=[solid 00FFFFFF]
(O10) fill=[solid 00FFFFCC] left=[thick 00000000] right=[thick 00000000] bottom=[thick 00000000]
(P10) fill=[solid 00FFFFFF]
(A11) fill=[solid 00CCCCCC]
(B11) fill=[solid 00FFFFFF]
(C11) fill=[solid 00FFFFFF]
(D11) fill=[solid 00FFFFFF]
(E11) fill=[solid 00FFFFFF] left=[thick 00000000]
(F11) fill=[solid 00FFFFFF]
(G11) fill=[solid 00FFFFFF]
(H11) fill=[solid 00FFFFFF]
(I11) fill=[solid 00FFFFFF]
(J11) fill=[solid 00FFFFFF]
(K11) fill=[solid 00FFFFFF]
(L11) fill=[solid 00FFFFFF]
(M11) fill=[solid 00FFFFFF]
(N11) fill=[solid 00FFFFFF]
(O11) fill=[solid 00FFFFFF]
(P11) fill=[solid 00FFFFFF]
(A12) fill=[solid 00CCCCCC]
(B12) fill=[solid 00FFFFFF]
(C12) fill=[solid 00FFFFFF]
(D12) fill=[solid 00FFFFFF]
(E12) fill=[solid 00FFFFFF] left=[thick 00000000] bottom=[thick 00000000]
(F12) fill=[solid 00FFFFCC] left=[thick 00000000] right=[thick 00000000] top=[thick 00000000]
(G12) fill=[solid 00FFFFFF] bottom=[thick 00000000]
(H12) fill=[solid 00FFFFFF] bottom=[thick 00000000]
(I12) fill=[solid 00FFFFCC] left=[thick 00000000] right=[thick 00000000] top=[thick 00000000]
(J12) fill=[solid 00FFFFFF] bottom=[thick 00000000]
(K12) fill=[solid 00FFFFFF] bottom=[thick 00000000]
(L12) fill=[solid 00FFFFCC] left=[thick 00000000] right=[thick 00000000] top=[thick 00000000]
(M12) fill=[solid 00FFFFFF]
(N12) fill=[solid 00FFFFFF]
(O12) fill=[solid 00FFFFFF]
(P12) fill=[solid 00FFFFFF]
(A13) fill=[solid 00CCCCCC]
(B13) fill=[solid 00FFFFFF]
(C13) fill=[solid 00FFFFFF]
(D13) fill=[solid 00FFFFFF]
(E13) fill=[solid 00FFFFFF] left=[thick 00000000]
(F13) fill=[solid 00FFFFCC] left=[thick 00000000] right=[thick 00000000] bottom=[thick 00000000]
(G13) fill=[solid 00FFFFFF]
(H13) fill=[solid 00FFFFFF]
(I13) fill=[solid 00FFFFCC] left=[thick 00000000] right=[thick 00000000] bottom=[thick 00000000]
(J13) fill=[solid 00FFFFFF]
(K13) fill=[solid 00FFFFFF]
(L13) fill=[solid 00FFFFCC] left=[thick 00000000] right=[thick 00000000] bottom=[thick 00000000]
(M13) fill=[solid 00FFFFFF]
(N13) fill=[solid 00FFFFFF]
(O13) fill=[solid 00FFFFFF]
(P13) fill=[solid 00FFFFFF]
(A14) fill=[solid 00CCCCCC]
(B14) fill=[solid 00FFFFFF]
(C14) fill=[solid 00FFFFFF]
(D14) fill=[solid 00FFFFFF]
(E14) fill=[solid 00FFFFFF] left=[thick 00000000]
(F14) fill=[solid 00FFFFFF]
(G14) fill=[solid 00FFFFFF]
(H14) fill=[solid 00FFFFFF]
(I14) fill=[solid 00FFFFFF]
(J14) fill=[solid 00FFFFFF]
(K14) fill=[solid 00FFFFFF]
(L14) fill=[solid 00FFFFFF]
(M14) fill=[solid 00FFFFFF]
(N14) fill=[solid 00FFFFFF]
(O14) fill=[solid 00FFFFFF]
(P14) fill=[solid 00FFFFFF]
(A15) fill=[solid 00CCCCCC]
(B15) fill=[solid 00FFFFFF]
(C15) fill=[solid 00FFFFFF]
(D15) fill=[solid 00FFFFFF]
(E15) fill=[solid 00FFFFFF] left=[thick 00000000] bottom=[thick 00000000]
(F15) fill=[solid 00FFFFCC] left=[thick 00000000] right=[thick 00000000] top=[thick 00000000]
(G15) fill=[solid 00FFFFFF] bottom=[thick 00000000]
(H15) fill=[solid 00FFFFFF] bottom=[thick 00000000]
(I15) fill=[solid 00FFFFCC] left=[thick 00000000] right=[thick 00000000] top=[thick 00000000]
(J15) fill=[solid 00FFFFFF] bottom=[thick 00000000]
(K15) fill=[solid 00FFFFFF] bottom=[thick 00000000]
(L15) fill=[solid 00FFFFCC] left=[thick 00000000] right=[thick 00000000] top=[thick 00000000]
(M15) fill=[solid 00FFFFFF] bottom=[thick 00000000]
(N15) fill=[solid 00FFFFFF] bottom=[thick 00000000]
(O15) fill=[solid 00FFFFCC] left=[thick 00000000] right=[thick 00000000] top=[thick 00000000]
(P15) fill=[solid 00FFFFFF]
(A16) fill=[solid 00CCCCCC]
(B16) fill=[solid 00FFFFFF]
(C16) fill=[solid 00FFFFFF]
(D16) fill=[solid 00FFFFFF]
(E16) fill=[solid 00FFFFFF] left=[thick 00000000]
(F16) fill=[solid 00FFFFCC] left=[thick 00000000] right=[thick 00000000] bottom=[thick 00000000]
(G16) fill=[solid 00FFFFFF]
(H16) fill=[solid 00FFFFFF]
(I16) fill=[solid 00FFFFCC] left=[thick 00000000] right=[thick 00000000] bottom=[thick 00000000]
(J16) fill=[solid 00FFFFFF]
(K16) fill=[solid 00FFFFFF]
(L16) fill=[solid 00FFFFCC] left=[thick 00000000] right=[thick 00000000] bottom=[thick 00000000]
(M16) fill=[solid 00FFFFFF]
(N16) fill=[solid 00FFFFFF]
(O16) fill=[solid 00FFFFCC] left=[thick 00000000] right=[thick 00000000] bottom=[thick 00000000]
(P16) fill=[solid 00FFFFFF]
(A17) fill=[solid 00CCCCCC]
(B17) fill=[solid 00FFFFFF]
(C17) fill=[solid 00FFFFFF]
(D17) fill=[solid 00FFFFFF]
(E17) fill=[solid 00FFFFFF] left=[thick 00000000]
(F17) fill=[solid 00FFFFFF]
(G17) fill=[solid 00FFFFFF]
(H17) fill=[solid 00FFFFFF]
(I17) fill=[solid 00FFFFFF]
(J17) fill=[solid 00FFFFFF]
(K17) fill=[solid 00FFFFFF]
(L17) fill=[solid 00FFFFFF]
(M17) fill=[solid 00FFFFFF]
(N17) fill=[solid 00FFFFFF]
(O17) fill=[solid 00FFFFFF]
(P17) fill=[solid 00FFFFFF]
(A18) fill=[solid 00CCCCCC]
(B18) fill=[solid 00FFFFFF]
(C18) fill=[solid 00FFFFFF]
(D18) fill=[solid 00FFFFFF]
(E18) fill=[solid 00FFFFFF] left=[thick 00000000] bottom=[thick 00000000]
(F18) fill=[solid 00FFFFCC] left=[thick 00000000] right=[thick 00000000] top=[thick 00000000]
(G18) fill=[solid 00FFFFFF] bottom=[thick 00000000]
(H18) fill=[solid 00FFFFFF] bottom=[thick 00000000]
(I18) fill=[solid 00FFFFCC] left=[thick 00000000] right=[thick 00000000] top=[thick 00000000]
(J18) fill=[solid 00FFFFFF] bottom=[thick 00000000]
(K18) fill=[solid 00FFFFFF] bottom=[thick 00000000]
(L18) fill=[solid 00FFFFCC] left=[thick 00000000] right=[thick 00000000] top=[thick 00000000]
(M18) fill=[solid 00FFFFFF] bottom=[thick 00000000]
(N18) fill=[solid 00FFFFFF] bottom=[thick 00000000]
(O18) fill=[solid 00FFFFCC] left=[thick 00000000] right=[thick 00000000] top=[thick 00000000]
(P18) fill=[solid 00FFFFFF]
(A19) fill=[solid 00CCCCCC]
(B19) fill=[solid 00FFFFFF]
(C19) fill=[solid 00FFFFFF]
(D19) fill=[solid 00FFFFFF]
(E19) fill=[solid 00FFFFFF] left=[thick 00000000]
(F19) fill=[solid 00FFFFCC] left=[thick 00000000] right=[thick 00000000] bottom=[thick 00000000]
(G19) fill=[solid 00FFFFFF]
(H19) fill=[solid 00FFFFFF]
(I19) fill=[solid 00FFFFCC] left=[thick 00000000] right=[thick 00000000] bottom=[thick 00000000]
(J19) fill=[solid 00FFFFFF]
(K19) fill=[solid 00FFFFFF]
(L19) fill=[solid 00FFFFCC] left=[thick 00000000] right=[thick 00000000] bottom=[thick 00000000]
(M19) fill=[solid 00FFFFFF]
(N19) fill=[solid 00FFFFFF]
(O19) fill=[solid 00FFFFCC] left=[thick 00000000] right=[thick 00000000] bottom=[thick 00000000]
(P19) fill=[solid 00FFFFFF]
(A20) fill=[solid 00CCCCCC]
(B20) fill=[solid 00FFFFFF]
(C20) fill=[solid 00FFFFFF]
(D20) fill=[solid 00FFFFFF]
(E20) fill=[solid 00FFFFFF] left=[thick 00000000]
(F20) fill=[solid 00FFFFFF]
(G20) fill=[solid 00FFFFFF]
(H20) fill=[solid 00FFFFFF]
(I20) fill=[solid 00FFFFFF]
(J20) fill=[solid 00FFFFFF]
(K20) fill=[solid 00FFFFFF]
(L20) fill=[solid 00FFFFFF]
(M20) fill=[solid 00FFFFFF]
(N20) fill=[solid 00FFFFFF]
(O20) fill=[solid 00FFFFFF]
(P20) fill=[solid 00FFFFFF]
(A21) fill=[solid 00CCCCCC]
(B21) fill=[solid 00FFFFFF]
(C21) fill=[solid 00FFFFFF]
(D21) fill=[solid 00FFFFFF]
(E21) fill=[solid 00FFFFFF] left=[thick 00000000] bottom=[thick 00000000]
(F21) fill=[solid 00FFFFCC] left=[thick 00000000] right=[thick 00000000] top=[thick 00000000]
(G21) fill=[solid 00FFFFFF] bottom=[thick 00000000]
(H21) fill=[solid 00FFFFFF] bottom=[thick 00000000]
(I21) fill=[solid 00FFFFCC] left=[thick 00000000] right=[thick 00000000] top=[thick 00000000]
(J21) fill=[solid 00FFFFFF] bottom=[thick 00000000]
(K21) fill=[solid 00FFFFFF] bottom=[thick 00000000]
(L21) fill=[solid 00FFFFCC] left=[thick 00000000] right=[thick 00000000] top=[thick 00000000]
(M21) fill=[solid 00FFFFFF] bottom=[thick 00000000]
(N21) fill=[solid 00FFFFFF] bottom=[thick 00000000]
(O21) fill=[solid 00FFFFCC] left=[thick 00000000] right=[thick 00000000] top=[thick 00000000]
(P21) fill=[solid 00FFFFFF]
(A22) fill=[solid 00CCCCCC]
(B22) fill=[solid 00FFFFFF]
(C22) fill=[solid 00FFFFFF]
(D22) fill=[solid 00FFFFFF]
(E22) fill=[solid 00FFFFFF]
(F22) fill=[solid 00FFFFCC] left=[thick 00000000] right=[thick 00000000] bottom=[thick 00000000]
(G22) fill=[solid 00FFFFFF]
(H22) fill=[solid 00FFFFFF]
(I22) fill=[solid 00FFFFCC] left=[thick 00000000] right=[thick 00000000] bottom=[thick 00000000]
(J22) fill=[solid 00FFFFFF]
(K22) fill=[solid 00FFFFFF]
(L22) fill=[solid 00FFFFCC] left=[thick 00000000] right=[thick 00000000] bottom=[thick 00000000]
(M22) fill=[solid 00FFFFFF]
(N22) fill=[solid 00FFFFFF]
(O22) fill=[solid 00FFFFCC] left=[thick 00000000] right=[thick 00000000] bottom=[thick 00000000]
(P22) fill=[solid 00FFFFFF]
(A23) fill=[solid 00CCCCCC]
(B23) fill=[solid 00FFFFFF]
(C23) fill=[solid 00FFFFFF]
(D23) fill=[solid 00FFFFFF]
(E23) fill=[solid 00FFFFFF]
(F23) fill=[solid 00FFFFFF]
(G23) fill=[solid 00FFFFFF]
(H23) fill=[solid 00FFFFFF]
(I23) fill=[solid 00FFFFFF]
(J23) fill=[solid 00FFFFFF]
(K23) fill=[solid 00FFFFFF]
(L23) fill=[solid 00FFFFFF]
(M23) fill=[solid 00FFFFFF]
(N23) fill=[solid 00FFFFFF]
(O23) fill=[solid 00FFFFFF]
(P23) fill=[solid 00FFFFFF]
