(A) width=3.0
(B) width=3.0
(C) width=15.399999999999999
(D) width=2.0
(E) width=4.0
(F) width=20.2
(G) width=3.0
(1) height=13.0
(2) height=13.0
(3) height=13.0
(4) height=13.0
(5) height=6.0
(6) height=13.0
(7) height=13.0
(8) height=6.0
(9) height=13.0
(10) height=13.0
(11) height=6.0
(12) height=13.0
(13) height=13.0
(14) height=6.0
(15) height=13.0
(16) height=13.0
(17) height=6.0
(18) height=13.0
(19) height=13.0
(20) height=6.0
(21) height=13.0
(22) height=13.0
(23) height=6.0
(24) height=13.0
(25) height=13.0
(26) height=6.0
(A1) font=[b=False i=False color=[type=rgb rgb=00111111 tint=0.0]] fill=[solid fgColor=[type=rgb rgb=00CCCCCC tint=0.0]]
(B1) font=[name=Calibri family=2.0 b=False i=False color=[type=theme tint=0.0]] fill=[solid fgColor=[type=rgb rgb=00333333 tint=0.0]]
(C1) font=[b=False i=False color=[type=rgb rgb=00EEEEEE tint=0.0]] fill=[solid fgColor=[type=rgb rgb=00333333 tint=0.0]]
(D1) font=[name=Calibri family=2.0 b=False i=False color=[type=theme tint=0.0]] fill=[solid fgColor=[type=rgb rgb=00CCCCCC tint=0.0]]
(E1) font=[name=Calibri family=2.0 b=False i=False color=[type=theme tint=0.0]] fill=[solid fgColor=[type=rgb rgb=00CCCCCC tint=0.0]]
(F1) font=[b=False i=False color=[type=rgb rgb=00111111 tint=0.0]] fill=[solid fgColor=[type=rgb rgb=00CCCCCC tint=0.0]]
(G1) font=[b=False i=False color=[type=rgb rgb=00111111 tint=0.0]] fill=[solid fgColor=[type=rgb rgb=00CCCCCC tint=0.0]]
(A2) font=[name=Calibri family=2.0 b=False i=False color=[type=theme tint=0.0]] fill=[solid fgColor=[type=rgb rgb=00CCCCCC tint=0.0]]
(B2) font=[name=Calibri family=2.0 b=False i=False color=[type=theme tint=0.0]] fill=[solid fgColor=[type=rgb rgb=00FFFFFF tint=0.0]]
(C2) font=[name=Calibri family=2.0 b=False i=False color=[type=theme tint=0.0]] fill=[solid fgColor=[type=rgb rgb=00FFFFFF tint=0.0]]
(D2) font=[name=Calibri family=2.0 b=False i=False color=[type=theme tint=0.0]] fill=[solid fgColor=[type=rgb rgb=00FFFFFF tint=0.0]]
(E2) font=[name=Calibri family=2.0 b=False i=False color=[type=theme tint=0.0]] fill=[solid fgColor=[type=rgb rgb=00FFFFFF tint=0.0]]
(F2) font=[name=Calibri family=2.0 b=False i=False color=[type=theme tint=0.0]] fill=[solid fgColor=[type=rgb rgb=00FFFFFF tint=0.0]]
(G2) font=[name=Calibri family=2.0 b=False i=False color=[type=theme tint=0.0]] fill=[solid fgColor=[type=rgb rgb=00FFFFFF tint=0.0]]
(A3) font=[name=Calibri family=2.0 b=False i=False color=[type=theme tint=0.0]] fill=[solid fgColor=[type=rgb rgb=00CCCCCC tint=0.0]]
(B3) font=[name=Calibri family=2.0 b=False i=False color=[type=theme tint=0.0]] fill=[solid fgColor=[type=rgb rgb=00FFFFFF tint=0.0]]
(C3) font=[name=Calibri family=2.0 b=False i=False color=[type=theme tint=0.0]] border=[left=[thick color=[type=rgb rgb=00000000 tint=0.0]] right=[thick color=[type=rgb rgb=00000000 tint=0.0]] top=[thick color=[type=rgb rgb=00000000 tint=0.0]]] fill=[solid fgColor=[type=rgb rgb=00FFFFCC tint=0.0]]
(D3) font=[name=Calibri family=2.0 b=False i=False color=[type=theme tint=0.0]] border=[bottom=[thick color=[type=rgb rgb=00000000 tint=0.0]]] fill=[solid fgColor=[type=rgb rgb=00FFFFFF tint=0.0]]
(E3) font=[name=Calibri family=2.0 b=False i=False color=[type=theme tint=0.0]] border=[bottom=[thick color=[type=rgb rgb=00000000 tint=0.0]]] fill=[solid fgColor=[type=rgb rgb=00FFFFFF tint=0.0]]
(F3) font=[name=Calibri family=2.0 b=False i=False color=[type=theme tint=0.0]] border=[left=[thick color=[type=rgb rgb=00000000 tint=0.0]] right=[thick color=[type=rgb rgb=00000000 tint=0.0]] top=[thick color=[type=rgb rgb=00000000 tint=0.0]]] fill=[solid fgColor=[type=rgb rgb=00FFFFCC tint=0.0]]
(G3) font=[name=Calibri family=2.0 b=False i=False color=[type=theme tint=0.0]] fill=[solid fgColor=[type=rgb rgb=00FFFFFF tint=0.0]]
(A4) font=[name=Calibri family=2.0 b=False i=False color=[type=theme tint=0.0]] fill=[solid fgColor=[type=rgb rgb=00CCCCCC tint=0.0]]
(B4) font=[name=Calibri family=2.0 b=False i=False color=[type=theme tint=0.0]] fill=[solid fgColor=[type=rgb rgb=00FFFFFF tint=0.0]]
(C4) font=[name=Calibri family=2.0 b=False i=False color=[type=theme tint=0.0]] border=[left=[thick color=[type=rgb rgb=00000000 tint=0.0]] right=[thick color=[type=rgb rgb=00000000 tint=0.0]] bottom=[thick color=[type=rgb rgb=00000000 tint=0.0]]] fill=[solid fgColor=[type=rgb rgb=00FFFFCC tint=0.0]]
(D4) font=[name=Calibri family=2.0 b=False i=False color=[type=theme tint=0.0]] fill=[solid fgColor=[type=rgb rgb=00FFFFFF tint=0.0]]
(E4) font=[name=Calibri family=2.0 b=False i=False color=[type=theme tint=0.0]] border=[left=[thick color=[type=rgb rgb=00000000 tint=0.0]]] fill=[solid fgColor=[type=rgb rgb=00FFFFFF tint=0.0]]
(F4) font=[name=Calibri family=2.0 b=False i=False color=[type=theme tint=0.0]] border=[left=[thick color=[type=rgb rgb=00000000 tint=0.0]] right=[thick color=[type=rgb rgb=00000000 tint=0.0]] bottom=[thick color=[type=rgb rgb=00000000 tint=0.0]]] fill=[solid fgColor=[type=rgb rgb=00FFFFCC tint=0.0]]
(G4) font=[name=Calibri family=2.0 b=False i=False color=[type=theme tint=0.0]] fill=[solid fgColor=[type=rgb rgb=00FFFFFF tint=0.0]]
(A5) font=[name=Calibri family=2.0 b=False i=False color=[type=theme tint=0.0]] fill=[solid fgColor=[type=rgb rgb=00CCCCCC tint=0.0]]
(B5) font=[name=Calibri family=2.0 b=False i=False color=[type=theme tint=0.0]] fill=[solid fgColor=[type=rgb rgb=00FFFFFF tint=0.0]]
(C5) font=[name=Calibri family=2.0 b=False i=False color=[type=theme tint=0.0]] fill=[solid fgColor=[type=rgb rgb=00FFFFFF tint=0.0]]
(D5) font=[name=Calibri family=2.0 b=False i=False color=[type=theme tint=0.0]] fill=[solid fgColor=[type=rgb rgb=00FFFFFF tint=0.0]]
(E5) font=[name=Calibri family=2.0 b=False i=False color=[type=theme tint=0.0]] border=[left=[thick color=[type=rgb rgb=00000000 tint=0.0]]] fill=[solid fgColor=[type=rgb rgb=00FFFFFF tint=0.0]]
(F5) font=[name=Calibri family=2.0 b=False i=False color=[type=theme tint=0.0]] fill=[solid fgColor=[type=rgb rgb=00FFFFFF tint=0.0]]
(G5) font=[name=Calibri family=2.0 b=False i=False color=[type=theme tint=0.0]] fill=[solid fgColor=[type=rgb rgb=00FFFFFF tint=0.0]]
(A6) font=[name=Calibri family=2.0 b=False i=False color=[type=theme tint=0.0]] fill=[solid fgColor=[type=rgb rgb=00CCCCCC tint=0.0]]
(B6) font=[name=Calibri family=2.0 b=False i=False color=[type=theme tint=0.0]] fill=[solid fgColor=[type=rgb rgb=00FFFFFF tint=0.0]]
(C6) font=[name=Calibri family=2.0 b=False i=False color=[type=theme tint=0.0]] fill=[solid fgColor=[type=rgb rgb=00FFFFFF tint=0.0]]
(D6) font=[name=Calibri family=2.0 b=False i=False color=[type=theme tint=0.0]] fill=[solid fgColor=[type=rgb rgb=00FFFFFF tint=0.0]]
(E6) font=[name=Calibri family=2.0 b=False i=False color=[type=theme tint=0.0]] border=[left=[thick color=[type=rgb rgb=00000000 tint=0.0]] bottom=[thick color=[type=rgb rgb=00000000 tint=0.0]]] fill=[solid fgColor=[type=rgb rgb=00FFFFFF tint=0.0]]
(F6) font=[name=Calibri family=2.0 b=False i=False color=[type=theme tint=0.0]] border=[left=[thick color=[type=rgb rgb=00000000 tint=0.0]] right=[thick color=[type=rgb rgb=00000000 tint=0.0]] top=[thick color=[type=rgb rgb=00000000 tint=0.0]]] fill=[solid fgColor=[type=rgb rgb=00FFFFCC tint=0.0]]
(G6) font=[name=Calibri family=2.0 b=False i=False color=[type=theme tint=0.0]] fill=[solid fgColor=[type=rgb rgb=00FFFFFF tint=0.0]]
(A7) font=[name=Calibri family=2.0 b=False i=False color=[type=theme tint=0.0]] fill=[solid fgColor=[type=rgb rgb=00CCCCCC tint=0.0]]
(B7) font=[name=Calibri family=2.0 b=False i=False color=[type=theme tint=0.0]] fill=[solid fgColor=[type=rgb rgb=00FFFFFF tint=0.0]]
(C7) font=[name=Calibri family=2.0 b=False i=False color=[type=theme tint=0.0]] fill=[solid fgColor=[type=rgb rgb=00FFFFFF tint=0.0]]
(D7) font=[name=Calibri family=2.0 b=False i=False color=[type=theme tint=0.0]] fill=[solid fgColor=[type=rgb rgb=00FFFFFF tint=0.0]]
(E7) font=[name=Calibri family=2.0 b=False i=False color=[type=theme tint=0.0]] fill=[solid fgColor=[type=rgb rgb=00FFFFFF tint=0.0]]
(F7) font=[name=Calibri family=2.0 b=False i=False color=[type=theme tint=0.0]] border=[left=[thick color=[type=rgb rgb=00000000 tint=0.0]] right=[thick color=[type=rgb rgb=00000000 tint=0.0]] bottom=[thick color=[type=rgb rgb=00000000 tint=0.0]]] fill=[solid fgColor=[type=rgb rgb=00FFFFCC tint=0.0]]
(G7) font=[name=Calibri family=2.0 b=False i=False color=[type=theme tint=0.0]] fill=[solid fgColor=[type=rgb rgb=00FFFFFF tint=0.0]]
(A8) font=[name=Calibri family=2.0 b=False i=False color=[type=theme tint=0.0]] fill=[solid fgColor=[type=rgb rgb=00CCCCCC tint=0.0]]
(B8) font=[name=Calibri family=2.0 b=False i=False color=[type=theme tint=0.0]] fill=[solid fgColor=[type=rgb rgb=00FFFFFF tint=0.0]]
(C8) font=[name=Calibri family=2.0 b=False i=False color=[type=theme tint=0.0]] fill=[solid fgColor=[type=rgb rgb=00FFFFFF tint=0.0]]
(D8) font=[name=Calibri family=2.0 b=False i=False color=[type=theme tint=0.0]] fill=[solid fgColor=[type=rgb rgb=00FFFFFF tint=0.0]]
(E8) font=[name=Calibri family=2.0 b=False i=False color=[type=theme tint=0.0]] fill=[solid fgColor=[type=rgb rgb=00FFFFFF tint=0.0]]
(F8) font=[name=Calibri family=2.0 b=False i=False color=[type=theme tint=0.0]] fill=[solid fgColor=[type=rgb rgb=00FFFFFF tint=0.0]]
(G8) font=[name=Calibri family=2.0 b=False i=False color=[type=theme tint=0.0]] fill=[solid fgColor=[type=rgb rgb=00FFFFFF tint=0.0]]
(A9) font=[name=Calibri family=2.0 b=False i=False color=[type=theme tint=0.0]] fill=[solid fgColor=[type=rgb rgb=00CCCCCC tint=0.0]]
(B9) font=[name=Calibri family=2.0 b=False i=False color=[type=theme tint=0.0]] fill=[solid fgColor=[type=rgb rgb=00FFFFFF tint=0.0]]
(C9) font=[name=Calibri family=2.0 b=False i=False color=[type=theme tint=0.0]] border=[left=[thick color=[type=rgb rgb=00000000 tint=0.0]] right=[thick color=[type=rgb rgb=00000000 tint=0.0]] top=[thick color=[type=rgb rgb=00000000 tint=0.0]]] fill=[solid fgColor=[type=rgb rgb=00FFFFCC tint=0.0]]
(D9) font=[name=Calibri family=2.0 b=False i=False color=[type=theme tint=0.0]] border=[bottom=[thick color=[type=rgb rgb=00000000 tint=0.0]]] fill=[solid fgColor=[type=rgb rgb=00FFFFFF tint=0.0]]
(E9) font=[name=Calibri family=2.0 b=False i=False color=[type=theme tint=0.0]] border=[bottom=[thick color=[type=rgb rgb=00000000 tint=0.0]]] fill=[solid fgColor=[type=rgb rgb=00FFFFFF tint=0.0]]
(F9) font=[name=Calibri family=2.0 b=False i=False color=[type=theme tint=0.0]] border=[left=[thick color=[type=rgb rgb=00000000 tint=0.0]] right=[thick color=[type=rgb rgb=00000000 tint=0.0]] top=[thick color=[type=rgb rgb=00000000 tint=0.0]]] fill=[solid fgColor=[type=rgb rgb=00FFFFCC tint=0.0]]
(G9) font=[name=Calibri family=2.0 b=False i=False color=[type=theme tint=0.0]] fill=[solid fgColor=[type=rgb rgb=00FFFFFF tint=0.0]]
(A10) font=[name=Calibri family=2.0 b=False i=False color=[type=theme tint=0.0]] fill=[solid fgColor=[type=rgb rgb=00CCCCCC tint=0.0]]
(B10) font=[name=Calibri family=2.0 b=False i=False color=[type=theme tint=0.0]] fill=[solid fgColor=[type=rgb rgb=00FFFFFF tint=0.0]]
(C10) font=[name=Calibri family=2.0 b=False i=False color=[type=theme tint=0.0]] border=[left=[thick color=[type=rgb rgb=00000000 tint=0.0]] right=[thick color=[type=rgb rgb=00000000 tint=0.0]] bottom=[thick color=[type=rgb rgb=00000000 tint=0.0]]] fill=[solid fgColor=[type=rgb rgb=00FFFFCC tint=0.0]]
(D10) font=[name=Calibri family=2.0 b=False i=False color=[type=theme tint=0.0]] fill=[solid fgColor=[type=rgb rgb=00FFFFFF tint=0.0]]
(E10) font=[name=Calibri family=2.0 b=False i=False color=[type=theme tint=0.0]] border=[left=[thick color=[type=rgb rgb=00000000 tint=0.0]]] fill=[solid fgColor=[type=rgb rgb=00FFFFFF tint=0.0]]
(F10) font=[name=Calibri family=2.0 b=False i=False color=[type=theme tint=0.0]] border=[left=[thick color=[type=rgb rgb=00000000 tint=0.0]] right=[thick color=[type=rgb rgb=00000000 tint=0.0]] bottom=[thick color=[type=rgb rgb=00000000 tint=0.0]]] fill=[solid fgColor=[type=rgb rgb=00FFFFCC tint=0.0]]
(G10) font=[name=Calibri family=2.0 b=False i=False color=[type=theme tint=0.0]] fill=[solid fgColor=[type=rgb rgb=00FFFFFF tint=0.0]]
(A11) font=[name=Calibri family=2.0 b=False i=False color=[type=theme tint=0.0]] fill=[solid fgColor=[type=rgb rgb=00CCCCCC tint=0.0]]
(B11) font=[name=Calibri family=2.0 b=False i=False color=[type=theme tint=0.0]] fill=[solid fgColor=[type=rgb rgb=00FFFFFF tint=0.0]]
(C11) font=[name=Calibri family=2.0 b=False i=False color=[type=theme tint=0.0]] fill=[solid fgColor=[type=rgb rgb=00FFFFFF tint=0.0]]
(D11) font=[name=Calibri family=2.0 b=False i=False color=[type=theme tint=0.0]] fill=[solid fgColor=[type=rgb rgb=00FFFFFF tint=0.0]]
(E11) font=[name=Calibri family=2.0 b=False i=False color=[type=theme tint=0.0]] border=[left=[thick color=[type=rgb rgb=00000000 tint=0.0]]] fill=[solid fgColor=[type=rgb rgb=00FFFFFF tint=0.0]]
(F11) font=[name=Calibri family=2.0 b=False i=False color=[type=theme tint=0.0]] fill=[solid fgColor=[type=rgb rgb=00FFFFFF tint=0.0]]
(G11) font=[name=Calibri family=2.0 b=False i=False color=[type=theme tint=0.0]] fill=[solid fgColor=[type=rgb rgb=00FFFFFF tint=0.0]]
(A12) font=[name=Calibri family=2.0 b=False i=False color=[type=theme tint=0.0]] fill=[solid fgColor=[type=rgb rgb=00CCCCCC tint=0.0]]
(B12) font=[name=Calibri family=2.0 b=False i=False color=[type=theme tint=0.0]] fill=[solid fgColor=[type=rgb rgb=00FFFFFF tint=0.0]]
(C12) font=[name=Calibri family=2.0 b=False i=False color=[type=theme tint=0.0]] fill=[solid fgColor=[type=rgb rgb=00FFFFFF tint=0.0]]
(D12) font=[name=Calibri family=2.0 b=False i=False color=[type=theme tint=0.0]] fill=[solid fgColor=[type=rgb rgb=00FFFFFF tint=0.0]]
(E12) font=[name=Calibri family=2.0 b=False i=False color=[type=theme tint=0.0]] border=[left=[thick color=[type=rgb rgb=00000000 tint=0.0]] bottom=[thick color=[type=rgb rgb=00000000 tint=0.0]]] fill=[solid fgColor=[type=rgb rgb=00FFFFFF tint=0.0]]
(F12) font=[name=Calibri family=2.0 b=False i=False color=[type=theme tint=0.0]] border=[left=[thick color=[type=rgb rgb=00000000 tint=0.0]] right=[thick color=[type=rgb rgb=00000000 tint=0.0]] top=[thick color=[type=rgb rgb=00000000 tint=0.0]]] fill=[solid fgColor=[type=rgb rgb=00FFFFCC tint=0.0]]
(G12) font=[name=Calibri family=2.0 b=False i=False color=[type=theme tint=0.0]] fill=[solid fgColor=[type=rgb rgb=00FFFFFF tint=0.0]]
(A13) font=[name=Calibri family=2.0 b=False i=False color=[type=theme tint=0.0]] fill=[solid fgColor=[type=rgb rgb=00CCCCCC tint=0.0]]
(B13) font=[name=Calibri family=2.0 b=False i=False color=[type=theme tint=0.0]] fill=[solid fgColor=[type=rgb rgb=00FFFFFF tint=0.0]]
(C13) font=[name=Calibri family=2.0 b=False i=False color=[type=theme tint=0.0]] fill=[solid fgColor=[type=rgb rgb=00FFFFFF tint=0.0]]
(D13) font=[name=Calibri family=2.0 b=False i=False color=[type=theme tint=0.0]] fill=[solid fgColor=[type=rgb rgb=00FFFFFF tint=0.0]]
(E13) font=[name=Calibri family=2.0 b=False i=False color=[type=theme tint=0.0]] fill=[solid fgColor=[type=rgb rgb=00FFFFFF tint=0.0]]
(F13) font=[name=Calibri family=2.0 b=False i=False color=[type=theme tint=0.0]] border=[left=[thick color=[type=rgb rgb=00000000 tint=0.0]] right=[thick color=[type=rgb rgb=00000000 tint=0.0]] bottom=[thick color=[type=rgb rgb=00000000 tint=0.0]]] fill=[solid fgColor=[type=rgb rgb=00FFFFCC tint=0.0]]
(G13) font=[name=Calibri family=2.0 b=False i=False color=[type=theme tint=0.0]] fill=[solid fgColor=[type=rgb rgb=00FFFFFF tint=0.0]]
(A14) font=[name=Calibri family=2.0 b=False i=False color=[type=theme tint=0.0]] fill=[solid fgColor=[type=rgb rgb=00CCCCCC tint=0.0]]
(B14) font=[name=Calibri family=2.0 b=False i=False color=[type=theme tint=0.0]] fill=[solid fgColor=[type=rgb rgb=00FFFFFF tint=0.0]]
(C14) font=[name=Calibri family=2.0 b=False i=False color=[type=theme tint=0.0]] fill=[solid fgColor=[type=rgb rgb=00FFFFFF tint=0.0]]
(D14) font=[name=Calibri family=2.0 b=False i=False color=[type=theme tint=0.0]] fill=[solid fgColor=[type=rgb rgb=00FFFFFF tint=0.0]]
(E14) font=[name=Calibri family=2.0 b=False i=False color=[type=theme tint=0.0]] fill=[solid fgColor=[type=rgb rgb=00FFFFFF tint=0.0]]
(F14) font=[name=Calibri family=2.0 b=False i=False color=[type=theme tint=0.0]] fill=[solid fgColor=[type=rgb rgb=00FFFFFF tint=0.0]]
(G14) font=[name=Calibri family=2.0 b=False i=False color=[type=theme tint=0.0]] fill=[solid fgColor=[type=rgb rgb=00FFFFFF tint=0.0]]
(A15) font=[name=Calibri family=2.0 b=False i=False color=[type=theme tint=0.0]] fill=[solid fgColor=[type=rgb rgb=00CCCCCC tint=0.0]]
(B15) font=[name=Calibri family=2.0 b=False i=False color=[type=theme tint=0.0]] fill=[solid fgColor=[type=rgb rgb=00FFFFFF tint=0.0]]
(C15) font=[name=Calibri family=2.0 b=False i=False color=[type=theme tint=0.0]] border=[left=[thick color=[type=rgb rgb=00000000 tint=0.0]] right=[thick color=[type=rgb rgb=00000000 tint=0.0]] top=[thick color=[type=rgb rgb=00000000 tint=0.0]]] fill=[solid fgColor=[type=rgb rgb=00FFFFCC tint=0.0]]
(D15) font=[name=Calibri family=2.0 b=False i=False color=[type=theme tint=0.0]] border=[bottom=[thick color=[type=rgb rgb=00000000 tint=0.0]]] fill=[solid fgColor=[type=rgb rgb=00FFFFFF tint=0.0]]
(E15) font=[name=Calibri family=2.0 b=False i=False color=[type=theme tint=0.0]] border=[bottom=[thick color=[type=rgb rgb=00000000 tint=0.0]]] fill=[solid fgColor=[type=rgb rgb=00FFFFFF tint=0.0]]
(F15) font=[name=Calibri family=2.0 b=False i=False color=[type=theme tint=0.0]] border=[left=[thick color=[type=rgb rgb=00000000 tint=0.0]] right=[thick color=[type=rgb rgb=00000000 tint=0.0]] top=[thick color=[type=rgb rgb=00000000 tint=0.0]]] fill=[solid fgColor=[type=rgb rgb=00FFFFCC tint=0.0]]
(G15) font=[name=Calibri family=2.0 b=False i=False color=[type=theme tint=0.0]] fill=[solid fgColor=[type=rgb rgb=00FFFFFF tint=0.0]]
(A16) font=[name=Calibri family=2.0 b=False i=False color=[type=theme tint=0.0]] fill=[solid fgColor=[type=rgb rgb=00CCCCCC tint=0.0]]
(B16) font=[name=Calibri family=2.0 b=False i=False color=[type=theme tint=0.0]] fill=[solid fgColor=[type=rgb rgb=00FFFFFF tint=0.0]]
(C16) font=[name=Calibri family=2.0 b=False i=False color=[type=theme tint=0.0]] border=[left=[thick color=[type=rgb rgb=00000000 tint=0.0]] right=[thick color=[type=rgb rgb=00000000 tint=0.0]] bottom=[thick color=[type=rgb rgb=00000000 tint=0.0]]] fill=[solid fgColor=[type=rgb rgb=00FFFFCC tint=0.0]]
(D16) font=[name=Calibri family=2.0 b=False i=False color=[type=theme tint=0.0]] fill=[solid fgColor=[type=rgb rgb=00FFFFFF tint=0.0]]
(E16) font=[name=Calibri family=2.0 b=False i=False color=[type=theme tint=0.0]] border=[left=[thick color=[type=rgb rgb=00000000 tint=0.0]]] fill=[solid fgColor=[type=rgb rgb=00FFFFFF tint=0.0]]
(F16) font=[name=Calibri family=2.0 b=False i=False color=[type=theme tint=0.0]] border=[left=[thick color=[type=rgb rgb=00000000 tint=0.0]] right=[thick color=[type=rgb rgb=00000000 tint=0.0]] bottom=[thick color=[type=rgb rgb=00000000 tint=0.0]]] fill=[solid fgColor=[type=rgb rgb=00FFFFCC tint=0.0]]
(G16) font=[name=Calibri family=2.0 b=False i=False color=[type=theme tint=0.0]] fill=[solid fgColor=[type=rgb rgb=00FFFFFF tint=0.0]]
(A17) font=[name=Calibri family=2.0 b=False i=False color=[type=theme tint=0.0]] fill=[solid fgColor=[type=rgb rgb=00CCCCCC tint=0.0]]
(B17) font=[name=Calibri family=2.0 b=False i=False color=[type=theme tint=0.0]] fill=[solid fgColor=[type=rgb rgb=00FFFFFF tint=0.0]]
(C17) font=[name=Calibri family=2.0 b=False i=False color=[type=theme tint=0.0]] fill=[solid fgColor=[type=rgb rgb=00FFFFFF tint=0.0]]
(D17) font=[name=Calibri family=2.0 b=False i=False color=[type=theme tint=0.0]] fill=[solid fgColor=[type=rgb rgb=00FFFFFF tint=0.0]]
(E17) font=[name=Calibri family=2.0 b=False i=False color=[type=theme tint=0.0]] border=[left=[thick color=[type=rgb rgb=00000000 tint=0.0]]] fill=[solid fgColor=[type=rgb rgb=00FFFFFF tint=0.0]]
(F17) font=[name=Calibri family=2.0 b=False i=False color=[type=theme tint=0.0]] fill=[solid fgColor=[type=rgb rgb=00FFFFFF tint=0.0]]
(G17) font=[name=Calibri family=2.0 b=False i=False color=[type=theme tint=0.0]] fill=[solid fgColor=[type=rgb rgb=00FFFFFF tint=0.0]]
(A18) font=[name=Calibri family=2.0 b=False i=False color=[type=theme tint=0.0]] fill=[solid fgColor=[type=rgb rgb=00CCCCCC tint=0.0]]
(B18) font=[name=Calibri family=2.0 b=False i=False color=[type=theme tint=0.0]] fill=[solid fgColor=[type=rgb rgb=00FFFFFF tint=0.0]]
(C18) font=[name=Calibri family=2.0 b=False i=False color=[type=theme tint=0.0]] fill=[solid fgColor=[type=rgb rgb=00FFFFFF tint=0.0]]
(D18) font=[name=Calibri family=2.0 b=False i=False color=[type=theme tint=0.0]] fill=[solid fgColor=[type=rgb rgb=00FFFFFF tint=0.0]]
(E18) font=[name=Calibri family=2.0 b=False i=False color=[type=theme tint=0.0]] border=[left=[thick color=[type=rgb rgb=00000000 tint=0.0]] bottom=[thick color=[type=rgb rgb=00000000 tint=0.0]]] fill=[solid fgColor=[type=rgb rgb=00FFFFFF tint=0.0]]
(F18) font=[name=Calibri family=2.0 b=False i=False color=[type=theme tint=0.0]] border=[left=[thick color=[type=rgb rgb=00000000 tint=0.0]] right=[thick color=[type=rgb rgb=00000000 tint=0.0]] top=[thick color=[type=rgb rgb=00000000 tint=0.0]]] fill=[solid fgColor=[type=rgb rgb=00FFFFCC tint=0.0]]
(G18) font=[name=Calibri family=2.0 b=False i=False color=[type=theme tint=0.0]] fill=[solid fgColor=[type=rgb rgb=00FFFFFF tint=0.0]]
(A19) font=[name=Calibri family=2.0 b=False i=False color=[type=theme tint=0.0]] fill=[solid fgColor=[type=rgb rgb=00CCCCCC tint=0.0]]
(B19) font=[name=Calibri family=2.0 b=False i=False color=[type=theme tint=0.0]] fill=[solid fgColor=[type=rgb rgb=00FFFFFF tint=0.0]]
(C19) font=[name=Calibri family=2.0 b=False i=False color=[type=theme tint=0.0]] fill=[solid fgColor=[type=rgb rgb=00FFFFFF tint=0.0]]
(D19) font=[name=Calibri family=2.0 b=False i=False color=[type=theme tint=0.0]] fill=[solid fgColor=[type=rgb rgb=00FFFFFF tint=0.0]]
(E19) font=[name=Calibri family=2.0 b=False i=False color=[type=theme tint=0.0]] fill=[solid fgColor=[type=rgb rgb=00FFFFFF tint=0.0]]
(F19) font=[name=Calibri family=2.0 b=False i=False color=[type=theme tint=0.0]] border=[left=[thick color=[type=rgb rgb=00000000 tint=0.0]] right=[thick color=[type=rgb rgb=00000000 tint=0.0]] bottom=[thick color=[type=rgb rgb=00000000 tint=0.0]]] fill=[solid fgColor=[type=rgb rgb=00FFFFCC tint=0.0]]
(G19) font=[name=Calibri family=2.0 b=False i=False color=[type=theme tint=0.0]] fill=[solid fgColor=[type=rgb rgb=00FFFFFF tint=0.0]]
(A20) font=[name=Calibri family=2.0 b=False i=False color=[type=theme tint=0.0]] fill=[solid fgColor=[type=rgb rgb=00CCCCCC tint=0.0]]
(B20) font=[name=Calibri family=2.0 b=False i=False color=[type=theme tint=0.0]] fill=[solid fgColor=[type=rgb rgb=00FFFFFF tint=0.0]]
(C20) font=[name=Calibri family=2.0 b=False i=False color=[type=theme tint=0.0]] fill=[solid fgColor=[type=rgb rgb=00FFFFFF tint=0.0]]
(D20) font=[name=Calibri family=2.0 b=False i=False color=[type=theme tint=0.0]] fill=[solid fgColor=[type=rgb rgb=00FFFFFF tint=0.0]]
(E20) font=[name=Calibri family=2.0 b=False i=False color=[type=theme tint=0.0]] fill=[solid fgColor=[type=rgb rgb=00FFFFFF tint=0.0]]
(F20) font=[name=Calibri family=2.0 b=False i=False color=[type=theme tint=0.0]] fill=[solid fgColor=[type=rgb rgb=00FFFFFF tint=0.0]]
(G20) font=[name=Calibri family=2.0 b=False i=False color=[type=theme tint=0.0]] fill=[solid fgColor=[type=rgb rgb=00FFFFFF tint=0.0]]
(A21) font=[name=Calibri family=2.0 b=False i=False color=[type=theme tint=0.0]] fill=[solid fgColor=[type=rgb rgb=00CCCCCC tint=0.0]]
(B21) font=[name=Calibri family=2.0 b=False i=False color=[type=theme tint=0.0]] fill=[solid fgColor=[type=rgb rgb=00FFFFFF tint=0.0]]
(C21) font=[name=Calibri family=2.0 b=False i=False color=[type=theme tint=0.0]] border=[left=[thick color=[type=rgb rgb=00000000 tint=0.0]] right=[thick color=[type=rgb rgb=00000000 tint=0.0]] top=[thick color=[type=rgb rgb=00000000 tint=0.0]]] fill=[solid fgColor=[type=rgb rgb=00FFFFCC tint=0.0]]
(D21) font=[name=Calibri family=2.0 b=False i=False color=[type=theme tint=0.0]] border=[bottom=[thick color=[type=rgb rgb=00000000 tint=0.0]]] fill=[solid fgColor=[type=rgb rgb=00FFFFFF tint=0.0]]
(E21) font=[name=Calibri family=2.0 b=False i=False color=[type=theme tint=0.0]] border=[bottom=[thick color=[type=rgb rgb=00000000 tint=0.0]]] fill=[solid fgColor=[type=rgb rgb=00FFFFFF tint=0.0]]
(F21) font=[name=Calibri family=2.0 b=False i=False color=[type=theme tint=0.0]] border=[left=[thick color=[type=rgb rgb=00000000 tint=0.0]] right=[thick color=[type=rgb rgb=00000000 tint=0.0]] top=[thick color=[type=rgb rgb=00000000 tint=0.0]]] fill=[solid fgColor=[type=rgb rgb=00FFFFCC tint=0.0]]
(G21) font=[name=Calibri family=2.0 b=False i=False color=[type=theme tint=0.0]] fill=[solid fgColor=[type=rgb rgb=00FFFFFF tint=0.0]]
(A22) font=[name=Calibri family=2.0 b=False i=False color=[type=theme tint=0.0]] fill=[solid fgColor=[type=rgb rgb=00CCCCCC tint=0.0]]
(B22) font=[name=Calibri family=2.0 b=False i=False color=[type=theme tint=0.0]] fill=[solid fgColor=[type=rgb rgb=00FFFFFF tint=0.0]]
(C22) font=[name=Calibri family=2.0 b=False i=False color=[type=theme tint=0.0]] border=[left=[thick color=[type=rgb rgb=00000000 tint=0.0]] right=[thick color=[type=rgb rgb=00000000 tint=0.0]] bottom=[thick color=[type=rgb rgb=00000000 tint=0.0]]] fill=[solid fgColor=[type=rgb rgb=00FFFFCC tint=0.0]]
(D22) font=[name=Calibri family=2.0 b=False i=False color=[type=theme tint=0.0]] fill=[solid fgColor=[type=rgb rgb=00FFFFFF tint=0.0]]
(E22) font=[name=Calibri family=2.0 b=False i=False color=[type=theme tint=0.0]] border=[left=[thick color=[type=rgb rgb=00000000 tint=0.0]]] fill=[solid fgColor=[type=rgb rgb=00FFFFFF tint=0.0]]
(F22) font=[name=Calibri family=2.0 b=False i=False color=[type=theme tint=0.0]] border=[left=[thick color=[type=rgb rgb=00000000 tint=0.0]] right=[thick color=[type=rgb rgb=00000000 tint=0.0]] bottom=[thick color=[type=rgb rgb=00000000 tint=0.0]]] fill=[solid fgColor=[type=rgb rgb=00FFFFCC tint=0.0]]
(G22) font=[name=Calibri family=2.0 b=False i=False color=[type=theme tint=0.0]] fill=[solid fgColor=[type=rgb rgb=00FFFFFF tint=0.0]]
(A23) font=[name=Calibri family=2.0 b=False i=False color=[type=theme tint=0.0]] fill=[solid fgColor=[type=rgb rgb=00CCCCCC tint=0.0]]
(B23) font=[name=Calibri family=2.0 b=False i=False color=[type=theme tint=0.0]] fill=[solid fgColor=[type=rgb rgb=00FFFFFF tint=0.0]]
(C23) font=[name=Calibri family=2.0 b=False i=False color=[type=theme tint=0.0]] fill=[solid fgColor=[type=rgb rgb=00FFFFFF tint=0.0]]
(D23) font=[name=Calibri family=2.0 b=False i=False color=[type=theme tint=0.0]] fill=[solid fgColor=[type=rgb rgb=00FFFFFF tint=0.0]]
(E23) font=[name=Calibri family=2.0 b=False i=False color=[type=theme tint=0.0]] border=[left=[thick color=[type=rgb rgb=00000000 tint=0.0]]] fill=[solid fgColor=[type=rgb rgb=00FFFFFF tint=0.0]]
(F23) font=[name=Calibri family=2.0 b=False i=False color=[type=theme tint=0.0]] fill=[solid fgColor=[type=rgb rgb=00FFFFFF tint=0.0]]
(G23) font=[name=Calibri family=2.0 b=False i=False color=[type=theme tint=0.0]] fill=[solid fgColor=[type=rgb rgb=00FFFFFF tint=0.0]]
(A24) font=[name=Calibri family=2.0 b=False i=False color=[type=theme tint=0.0]] fill=[solid fgColor=[type=rgb rgb=00CCCCCC tint=0.0]]
(B24) font=[name=Calibri family=2.0 b=False i=False color=[type=theme tint=0.0]] fill=[solid fgColor=[type=rgb rgb=00FFFFFF tint=0.0]]
(C24) font=[name=Calibri family=2.0 b=False i=False color=[type=theme tint=0.0]] fill=[solid fgColor=[type=rgb rgb=00FFFFFF tint=0.0]]
(D24) font=[name=Calibri family=2.0 b=False i=False color=[type=theme tint=0.0]] fill=[solid fgColor=[type=rgb rgb=00FFFFFF tint=0.0]]
(E24) font=[name=Calibri family=2.0 b=False i=False color=[type=theme tint=0.0]] border=[left=[thick color=[type=rgb rgb=00000000 tint=0.0]] bottom=[thick color=[type=rgb rgb=00000000 tint=0.0]]] fill=[solid fgColor=[type=rgb rgb=00FFFFFF tint=0.0]]
(F24) font=[name=Calibri family=2.0 b=False i=False color=[type=theme tint=0.0]] border=[left=[thick color=[type=rgb rgb=00000000 tint=0.0]] right=[thick color=[type=rgb rgb=00000000 tint=0.0]] top=[thick color=[type=rgb rgb=00000000 tint=0.0]]] fill=[solid fgColor=[type=rgb rgb=00FFFFCC tint=0.0]]
(G24) font=[name=Calibri family=2.0 b=False i=False color=[type=theme tint=0.0]] fill=[solid fgColor=[type=rgb rgb=00FFFFFF tint=0.0]]
(A25) font=[name=Calibri family=2.0 b=False i=False color=[type=theme tint=0.0]] fill=[solid fgColor=[type=rgb rgb=00CCCCCC tint=0.0]]
(B25) font=[name=Calibri family=2.0 b=False i=False color=[type=theme tint=0.0]] fill=[solid fgColor=[type=rgb rgb=00FFFFFF tint=0.0]]
(C25) font=[name=Calibri family=2.0 b=False i=False color=[type=theme tint=0.0]] fill=[solid fgColor=[type=rgb rgb=00FFFFFF tint=0.0]]
(D25) font=[name=Calibri family=2.0 b=False i=False color=[type=theme tint=0.0]] fill=[solid fgColor=[type=rgb rgb=00FFFFFF tint=0.0]]
(E25) font=[name=Calibri family=2.0 b=False i=False color=[type=theme tint=0.0]] fill=[solid fgColor=[type=rgb rgb=00FFFFFF tint=0.0]]
(F25) font=[name=Calibri family=2.0 b=False i=False color=[type=theme tint=0.0]] border=[left=[thick color=[type=rgb rgb=00000000 tint=0.0]] right=[thick color=[type=rgb rgb=00000000 tint=0.0]] bottom=[thick color=[type=rgb rgb=00000000 tint=0.0]]] fill=[solid fgColor=[type=rgb rgb=00FFFFCC tint=0.0]]
(G25) font=[name=Calibri family=2.0 b=False i=False color=[type=theme tint=0.0]] fill=[solid fgColor=[type=rgb rgb=00FFFFFF tint=0.0]]
(A26) font=[name=Calibri family=2.0 b=False i=False color=[type=theme tint=0.0]] fill=[solid fgColor=[type=rgb rgb=00CCCCCC tint=0.0]]
(B26) font=[name=Calibri family=2.0 b=False i=False color=[type=theme tint=0.0]] fill=[solid fgColor=[type=rgb rgb=00FFFFFF tint=0.0]]
(C26) font=[name=Calibri family=2.0 b=False i=False color=[type=theme tint=0.0]] fill=[solid fgColor=[type=rgb rgb=00FFFFFF tint=0.0]]
(D26) font=[name=Calibri family=2.0 b=False i=False color=[type=theme tint=0.0]] fill=[solid fgColor=[type=rgb rgb=00FFFFFF tint=0.0]]
(E26) font=[name=Calibri family=2.0 b=False i=False color=[type=theme tint=0.0]] fill=[solid fgColor=[type=rgb rgb=00FFFFFF tint=0.0]]
(F26) font=[name=Calibri family=2.0 b=False i=False color=[type=theme tint=0.0]] fill=[solid fgColor=[type=rgb rgb=00FFFFFF tint=0.0]]
(G26) font=[name=Calibri family=2.0 b=False i=False color=[type=theme tint=0.0]] fill=[solid fgColor=[type=rgb rgb=00FFFFFF tint=0.0]]
