📁 360.0
└─(1/3)─ 📁 120.0
    └─(1/4)─ 📄 (1) 30.0
    └─(2/4)─ 📁 30.0
        └─(1/2)─ 📄 (2) 15.0
        └─(2/2)─ 📄 (3) 15.0
    └─(3/4)─ 📄 (4) 30.0
    └─(4/4)─ 📄 (5) 30.0
└─(2/3)─ 📄 (6) 120.0
└─(3/3)─ 📄 (7) 120.0